<?xml version="1.0" encoding="UTF-8"?>
<TestRun id="840e7f61-e1d7-4c86-8f5d-fc5936cfefe3" name="josequ@JOSEQU7 2016-12-21 11:17:26" runUser="REDMOND\josequ" xmlns="http://microsoft.com/schemas/VisualStudio/TeamTest/2010">
  <Times creation="2016-12-21T11:17:26.4058478-08:00" queuing="2016-12-21T11:17:26.4058478-08:00" start="2016-12-21T11:17:26.4063485-08:00" finish="2016-12-21T11:17:52.7362225-08:00" />
  <TestSettings name="default" id="353a9634-606c-4f92-9b05-c848931b9c87">
    <Deployment runDeploymentRoot="josequ_JOSEQU7 2016-12-21 11_17_26" />
  </TestSettings>
  <Results>
    <UnitTestResult executionId="5cbe1146-95a1-44e5-8951-b8b7806f3b83" testId="ca20edb9-3afc-4d0e-8d72-a9af6a9c0547" testName="Microsoft.DotNet.Cli.MSBuild.IntegrationTests.GivenDotnetInvokesMSBuild.When_dotnet_test_invokes_msbuild_with_no_args_verbosity_is_set_to_quiet" computerName="JOSEQU7" duration="00:00:01.7070000" startTime="2016-12-21T11:17:26.4298454-08:00" endTime="2016-12-21T11:17:26.4298454-08:00" testType="13cdc9d9-ddb5-4fa4-a97d-d965ccfc6d4b" outcome="Passed" testListId="8c84fa94-04c1-424b-9868-57a2d4851a1d" relativeResultsDirectory="5cbe1146-95a1-44e5-8951-b8b7806f3b83" />
    <UnitTestResult executionId="5bd760cc-72ba-448f-af75-276b3ca02d45" testId="7859cecd-1855-4c40-a2c6-8e614a2eedc3" testName="Microsoft.DotNet.Cli.MSBuild.IntegrationTests.GivenDotnetInvokesMSBuild.When_dotnet_command_invokes_msbuild_Then_env_vars_and_m_are_passed(command: &quot;clean&quot;)" computerName="JOSEQU7" duration="00:00:01.5200000" startTime="2016-12-21T11:17:27.8664655-08:00" endTime="2016-12-21T11:17:27.8664655-08:00" testType="13cdc9d9-ddb5-4fa4-a97d-d965ccfc6d4b" outcome="Passed" testListId="8c84fa94-04c1-424b-9868-57a2d4851a1d" relativeResultsDirectory="5bd760cc-72ba-448f-af75-276b3ca02d45" />
    <UnitTestResult executionId="5a48a895-4eef-400c-8236-8c51ff8546b2" testId="72691945-5293-4f6a-8bf3-70de6413c07e" testName="Microsoft.DotNet.Cli.MSBuild.IntegrationTests.GivenDotnetInvokesMSBuild.When_dotnet_command_invokes_msbuild_Then_env_vars_and_m_are_passed(command: &quot;msbuild&quot;)" computerName="JOSEQU7" duration="00:00:01.2890000" startTime="2016-12-21T11:17:29.4128761-08:00" endTime="2016-12-21T11:17:29.4128761-08:00" testType="13cdc9d9-ddb5-4fa4-a97d-d965ccfc6d4b" outcome="Failed" testListId="8c84fa94-04c1-424b-9868-57a2d4851a1d" relativeResultsDirectory="5a48a895-4eef-400c-8236-8c51ff8546b2" />
    <UnitTestResult executionId="ff31d07c-6627-4c4f-a581-b0c569660720" testId="31cb40b5-2ca4-4440-bad7-a0e482b49121" testName="Microsoft.DotNet.Cli.MSBuild.IntegrationTests.GivenDotnetInvokesMSBuild.When_dotnet_command_invokes_msbuild_Then_env_vars_and_m_are_passed(command: &quot;pack&quot;)" computerName="JOSEQU7" duration="00:00:01.0960000" startTime="2016-12-21T11:17:30.9343749-08:00" endTime="2016-12-21T11:17:30.9343749-08:00" testType="13cdc9d9-ddb5-4fa4-a97d-d965ccfc6d4b" outcome="Passed" testListId="8c84fa94-04c1-424b-9868-57a2d4851a1d" relativeResultsDirectory="ff31d07c-6627-4c4f-a581-b0c569660720" />
    <UnitTestResult executionId="56f039d6-af9a-4efd-8399-dde12e2f4a01" testId="a2dc9dbb-a043-4a22-93b2-c4c833aa2f75" testName="Microsoft.DotNet.Cli.MSBuild.IntegrationTests.GivenDotnetInvokesMSBuild.When_dotnet_command_invokes_msbuild_Then_env_vars_and_m_are_passed(command: &quot;test&quot;)" computerName="JOSEQU7" duration="00:00:01.5240000" startTime="2016-12-21T11:17:32.4683793-08:00" endTime="2016-12-21T11:17:32.4683793-08:00" testType="13cdc9d9-ddb5-4fa4-a97d-d965ccfc6d4b" outcome="Passed" testListId="8c84fa94-04c1-424b-9868-57a2d4851a1d" relativeResultsDirectory="56f039d6-af9a-4efd-8399-dde12e2f4a01" />
    <UnitTestResult executionId="a6af5ba0-eddc-49b6-aecd-11090b088778" testId="3c8d2a81-976d-47d5-9d1e-1ad638fc1f0d" testName="Microsoft.DotNet.Cli.MSBuild.IntegrationTests.GivenDotnetInvokesMSBuild.When_dotnet_command_invokes_msbuild_Then_env_vars_and_m_are_passed(command: &quot;build&quot;)" computerName="JOSEQU7" duration="00:00:01.6900000" startTime="2016-12-21T11:17:34.0113759-08:00" endTime="2016-12-21T11:17:34.0113759-08:00" testType="13cdc9d9-ddb5-4fa4-a97d-d965ccfc6d4b" outcome="Passed" testListId="8c84fa94-04c1-424b-9868-57a2d4851a1d" relativeResultsDirectory="a6af5ba0-eddc-49b6-aecd-11090b088778" />
    <UnitTestResult executionId="7f90abd4-04b8-4168-a9d3-ec9fcf91ef84" testId="9b9f40c3-caba-4a1e-a699-bdee9c28768a" testName="Microsoft.DotNet.Cli.MSBuild.IntegrationTests.GivenDotnetInvokesMSBuild.When_dotnet_command_invokes_msbuild_Then_env_vars_and_m_are_passed(command: &quot;publish&quot;)" computerName="JOSEQU7" duration="00:00:01.4760000" startTime="2016-12-21T11:17:35.5693766-08:00" endTime="2016-12-21T11:17:35.5693766-08:00" testType="13cdc9d9-ddb5-4fa4-a97d-d965ccfc6d4b" outcome="Passed" testListId="8c84fa94-04c1-424b-9868-57a2d4851a1d" relativeResultsDirectory="7f90abd4-04b8-4168-a9d3-ec9fcf91ef84" />
    <UnitTestResult executionId="b4bc96de-bb82-45d9-b3eb-a25179773473" testId="075e082c-7a85-41ba-8407-6b8a88a29968" testName="Microsoft.DotNet.Cli.MSBuild.IntegrationTests.GivenDotnetInvokesMSBuild.When_dotnet_msbuild_command_is_invoked_with_non_msbuild_switch_Then_it_fails" computerName="JOSEQU7" duration="00:00:00.6970000" startTime="2016-12-21T11:17:37.1081634-08:00" endTime="2016-12-21T11:17:37.1081634-08:00" testType="13cdc9d9-ddb5-4fa4-a97d-d965ccfc6d4b" outcome="Passed" testListId="8c84fa94-04c1-424b-9868-57a2d4851a1d" relativeResultsDirectory="b4bc96de-bb82-45d9-b3eb-a25179773473" />
    <UnitTestResult executionId="6b39d628-71ed-40b5-8ac7-fe81988109a6" testId="4145ec1b-bb47-4c63-9a05-9e57cf8d7c8f" testName="Microsoft.DotNet.Cli.MSBuild.IntegrationTests.GivenDotnetInvokesMSBuild.When_dotnet_command_invokes_msbuild_with_no_args_verbosity_is_set_to_minimum(command: &quot;msbuild&quot;)" computerName="JOSEQU7" duration="00:00:01.4300000" startTime="2016-12-21T11:17:37.1081634-08:00" endTime="2016-12-21T11:17:37.1081634-08:00" testType="13cdc9d9-ddb5-4fa4-a97d-d965ccfc6d4b" outcome="Passed" testListId="8c84fa94-04c1-424b-9868-57a2d4851a1d" relativeResultsDirectory="6b39d628-71ed-40b5-8ac7-fe81988109a6" />
    <UnitTestResult executionId="7d5142fa-2095-4c0a-ac26-51719ddf58a9" testId="4b1b4f59-02b0-4e92-9fd3-1ba72cd3e5df" testName="Microsoft.DotNet.Cli.MSBuild.IntegrationTests.GivenDotnetInvokesMSBuild.When_dotnet_command_invokes_msbuild_with_no_args_verbosity_is_set_to_minimum(command: &quot;pack&quot;)" computerName="JOSEQU7" duration="00:00:01.3070000" startTime="2016-12-21T11:17:38.6891655-08:00" endTime="2016-12-21T11:17:38.6891655-08:00" testType="13cdc9d9-ddb5-4fa4-a97d-d965ccfc6d4b" outcome="Passed" testListId="8c84fa94-04c1-424b-9868-57a2d4851a1d" relativeResultsDirectory="7d5142fa-2095-4c0a-ac26-51719ddf58a9" />
    <UnitTestResult executionId="037935e0-c48a-4d33-9e2d-79abfc31e585" testId="97487a05-3dde-42e9-b2d7-d7123ab8e0d0" testName="Microsoft.DotNet.Cli.MSBuild.IntegrationTests.GivenDotnetInvokesMSBuild.When_dotnet_command_invokes_msbuild_with_no_args_verbosity_is_set_to_minimum(command: &quot;publish&quot;)" computerName="JOSEQU7" duration="00:00:01.3050000" startTime="2016-12-21T11:17:40.2977200-08:00" endTime="2016-12-21T11:17:40.2977200-08:00" testType="13cdc9d9-ddb5-4fa4-a97d-d965ccfc6d4b" outcome="Passed" testListId="8c84fa94-04c1-424b-9868-57a2d4851a1d" relativeResultsDirectory="037935e0-c48a-4d33-9e2d-79abfc31e585" />
    <UnitTestResult executionId="899c5154-f158-402d-a36d-69bab8176bcc" testId="983b8dd4-075e-4834-9372-df618212b8fb" testName="Microsoft.DotNet.Cli.MSBuild.IntegrationTests.GivenDotnetInvokesMSBuild.When_dotnet_command_invokes_msbuild_with_no_args_verbosity_is_set_to_minimum(command: &quot;clean&quot;)" computerName="JOSEQU7" duration="00:00:01.6760000" startTime="2016-12-21T11:17:41.8829644-08:00" endTime="2016-12-21T11:17:41.8829644-08:00" testType="13cdc9d9-ddb5-4fa4-a97d-d965ccfc6d4b" outcome="Passed" testListId="8c84fa94-04c1-424b-9868-57a2d4851a1d" relativeResultsDirectory="899c5154-f158-402d-a36d-69bab8176bcc" />
    <UnitTestResult executionId="926e7dad-2e87-4e16-b6ff-c7b023ae0202" testId="7cd3b04e-8942-4219-98ab-469d56d6541a" testName="Microsoft.DotNet.Cli.MSBuild.IntegrationTests.GivenDotnetInvokesMSBuild.When_dotnet_command_invokes_msbuild_with_no_args_verbosity_is_set_to_minimum(command: &quot;build&quot;)" computerName="JOSEQU7" duration="00:00:01.5880000" startTime="2016-12-21T11:17:43.4529646-08:00" endTime="2016-12-21T11:17:43.4529646-08:00" testType="13cdc9d9-ddb5-4fa4-a97d-d965ccfc6d4b" outcome="NotExecuted" testListId="8c84fa94-04c1-424b-9868-57a2d4851a1d" relativeResultsDirectory="926e7dad-2e87-4e16-b6ff-c7b023ae0202" />
    <UnitTestResult executionId="23ebe073-7fbe-4e81-aa7c-d6c562332066" testId="7b1807b0-84ce-43e2-a0e8-da7871e83f24" testName="Microsoft.DotNet.Cli.MSBuild.IntegrationTests.GivenDotnetInvokesMSBuild.When_MSBuildSDKsPath_is_set_by_env_var_then_it_is_not_overridden" computerName="JOSEQU7" duration="00:00:01.5650000" startTime="2016-12-21T11:17:45.0159646-08:00" endTime="2016-12-21T11:17:45.0159646-08:00" testType="13cdc9d9-ddb5-4fa4-a97d-d965ccfc6d4b" outcome="Passed" testListId="8c84fa94-04c1-424b-9868-57a2d4851a1d" relativeResultsDirectory="23ebe073-7fbe-4e81-aa7c-d6c562332066" />
    <UnitTestResult executionId="08314bf0-db7c-4ddb-b00b-4ed660f08cc3" testId="ab729ea9-119a-470b-9d62-b838e9bff79d" testName="Microsoft.DotNet.Cli.MSBuild.IntegrationTests.GivenDotnetInvokesMSBuild.When_dotnet_command_invokes_msbuild_with_diag_verbosity_Then_arg_is_passed(command: &quot;build&quot;)" computerName="JOSEQU7" duration="00:00:01.4790000" startTime="2016-12-21T11:17:46.5679650-08:00" endTime="2016-12-21T11:17:46.5679650-08:00" testType="13cdc9d9-ddb5-4fa4-a97d-d965ccfc6d4b" outcome="Passed" testListId="8c84fa94-04c1-424b-9868-57a2d4851a1d" relativeResultsDirectory="08314bf0-db7c-4ddb-b00b-4ed660f08cc3" />
    <UnitTestResult executionId="e4776e2f-caf9-46bb-94fe-9b82cde24a22" testId="9acf8eeb-c55c-44b0-9daa-d31ad239deec" testName="Microsoft.DotNet.Cli.MSBuild.IntegrationTests.GivenDotnetInvokesMSBuild.When_dotnet_command_invokes_msbuild_with_diag_verbosity_Then_arg_is_passed(command: &quot;clean&quot;)" computerName="JOSEQU7" duration="00:00:02.0670000" startTime="2016-12-21T11:17:48.1244643-08:00" endTime="2016-12-21T11:17:48.1244643-08:00" testType="13cdc9d9-ddb5-4fa4-a97d-d965ccfc6d4b" outcome="Passed" testListId="8c84fa94-04c1-424b-9868-57a2d4851a1d" relativeResultsDirectory="e4776e2f-caf9-46bb-94fe-9b82cde24a22" />
    <UnitTestResult executionId="a5c38aae-9e63-4ce7-976b-09951552a1c0" testId="eab2c17c-106e-493d-8b94-3806120e69d4" testName="Microsoft.DotNet.Cli.MSBuild.IntegrationTests.GivenDotnetInvokesMSBuild.When_dotnet_command_invokes_msbuild_with_diag_verbosity_Then_arg_is_passed(command: &quot;pack&quot;)" computerName="JOSEQU7" duration="00:00:01.5960000" startTime="2016-12-21T11:17:49.6808433-08:00" endTime="2016-12-21T11:17:49.6808433-08:00" testType="13cdc9d9-ddb5-4fa4-a97d-d965ccfc6d4b" outcome="Passed" testListId="8c84fa94-04c1-424b-9868-57a2d4851a1d" relativeResultsDirectory="a5c38aae-9e63-4ce7-976b-09951552a1c0" />
    <UnitTestResult executionId="997d1a55-3fbf-47af-a9e5-61f1d4e245fd" testId="9c612d0d-789d-4514-8fe2-ec3d5cc9d07a" testName="Microsoft.DotNet.Cli.MSBuild.IntegrationTests.GivenDotnetInvokesMSBuild.When_dotnet_command_invokes_msbuild_with_diag_verbosity_Then_arg_is_passed(command: &quot;publish&quot;)" computerName="JOSEQU7" duration="00:00:02.5300000" startTime="2016-12-21T11:17:52.5926818-08:00" endTime="2016-12-21T11:17:52.5926818-08:00" testType="13cdc9d9-ddb5-4fa4-a97d-d965ccfc6d4b" outcome="Passed" testListId="8c84fa94-04c1-424b-9868-57a2d4851a1d" relativeResultsDirectory="997d1a55-3fbf-47af-a9e5-61f1d4e245fd" />
  </Results>
  <TestDefinitions>
    <UnitTest name="Microsoft.DotNet.Cli.MSBuild.IntegrationTests.GivenDotnetInvokesMSBuild.When_dotnet_test_invokes_msbuild_with_no_args_verbosity_is_set_to_quiet" storage="c:\dev\github\cli\test\msbuild.integrationtests\bin\debug\netcoreapp1.0\msbuild.integrationtests.dll" id="ca20edb9-3afc-4d0e-8d72-a9af6a9c0547">
      <Execution id="5cbe1146-95a1-44e5-8951-b8b7806f3b83" />
      <TestMethod codeBase="C:\dev\github\cli\test\msbuild.IntegrationTests\bin\Debug\netcoreapp1.0\msbuild.IntegrationTests.dll" executorUriOfAdapter="executor://xunit/VsTestRunner2" className="Microsoft.DotNet.Cli.MSBuild.IntegrationTests.GivenDotnetInvokesMSBuild" name="Microsoft.DotNet.Cli.MSBuild.IntegrationTests.GivenDotnetInvokesMSBuild.When_dotnet_test_invokes_msbuild_with_no_args_verbosity_is_set_to_quiet" />
    </UnitTest>
    <UnitTest name="Microsoft.DotNet.Cli.MSBuild.IntegrationTests.GivenDotnetInvokesMSBuild.When_dotnet_command_invokes_msbuild_Then_env_vars_and_m_are_passed(command: &quot;clean&quot;)" storage="c:\dev\github\cli\test\msbuild.integrationtests\bin\debug\netcoreapp1.0\msbuild.integrationtests.dll" id="7859cecd-1855-4c40-a2c6-8e614a2eedc3">
      <Execution id="5bd760cc-72ba-448f-af75-276b3ca02d45" />
      <TestMethod codeBase="C:\dev\github\cli\test\msbuild.IntegrationTests\bin\Debug\netcoreapp1.0\msbuild.IntegrationTests.dll" executorUriOfAdapter="executor://xunit/VsTestRunner2" className="Microsoft.DotNet.Cli.MSBuild.IntegrationTests.GivenDotnetInvokesMSBuild" name="Microsoft.DotNet.Cli.MSBuild.IntegrationTests.GivenDotnetInvokesMSBuild.When_dotnet_command_invokes_msbuild_Then_env_vars_and_m_are_passed(command: &quot;clean&quot;)" />
    </UnitTest>
    <UnitTest name="Microsoft.DotNet.Cli.MSBuild.IntegrationTests.GivenDotnetInvokesMSBuild.When_dotnet_command_invokes_msbuild_Then_env_vars_and_m_are_passed(command: &quot;msbuild&quot;)" storage="c:\dev\github\cli\test\msbuild.integrationtests\bin\debug\netcoreapp1.0\msbuild.integrationtests.dll" id="72691945-5293-4f6a-8bf3-70de6413c07e">
      <Execution id="5a48a895-4eef-400c-8236-8c51ff8546b2" />
      <TestMethod codeBase="C:\dev\github\cli\test\msbuild.IntegrationTests\bin\Debug\netcoreapp1.0\msbuild.IntegrationTests.dll" executorUriOfAdapter="executor://xunit/VsTestRunner2" className="Microsoft.DotNet.Cli.MSBuild.IntegrationTests.GivenDotnetInvokesMSBuild" name="Microsoft.DotNet.Cli.MSBuild.IntegrationTests.GivenDotnetInvokesMSBuild.When_dotnet_command_invokes_msbuild_Then_env_vars_and_m_are_passed(command: &quot;msbuild&quot;)" />
    </UnitTest>
    <UnitTest name="Microsoft.DotNet.Cli.MSBuild.IntegrationTests.GivenDotnetInvokesMSBuild.When_dotnet_command_invokes_msbuild_Then_env_vars_and_m_are_passed(command: &quot;pack&quot;)" storage="c:\dev\github\cli\test\msbuild.integrationtests\bin\debug\netcoreapp1.0\msbuild.integrationtests.dll" id="31cb40b5-2ca4-4440-bad7-a0e482b49121">
      <Execution id="ff31d07c-6627-4c4f-a581-b0c569660720" />
      <TestMethod codeBase="C:\dev\github\cli\test\msbuild.IntegrationTests\bin\Debug\netcoreapp1.0\msbuild.IntegrationTests.dll" executorUriOfAdapter="executor://xunit/VsTestRunner2" className="Microsoft.DotNet.Cli.MSBuild.IntegrationTests.GivenDotnetInvokesMSBuild" name="Microsoft.DotNet.Cli.MSBuild.IntegrationTests.GivenDotnetInvokesMSBuild.When_dotnet_command_invokes_msbuild_Then_env_vars_and_m_are_passed(command: &quot;pack&quot;)" />
    </UnitTest>
    <UnitTest name="Microsoft.DotNet.Cli.MSBuild.IntegrationTests.GivenDotnetInvokesMSBuild.When_dotnet_command_invokes_msbuild_Then_env_vars_and_m_are_passed(command: &quot;test&quot;)" storage="c:\dev\github\cli\test\msbuild.integrationtests\bin\debug\netcoreapp1.0\msbuild.integrationtests.dll" id="a2dc9dbb-a043-4a22-93b2-c4c833aa2f75">
      <Execution id="56f039d6-af9a-4efd-8399-dde12e2f4a01" />
      <TestMethod codeBase="C:\dev\github\cli\test\msbuild.IntegrationTests\bin\Debug\netcoreapp1.0\msbuild.IntegrationTests.dll" executorUriOfAdapter="executor://xunit/VsTestRunner2" className="Microsoft.DotNet.Cli.MSBuild.IntegrationTests.GivenDotnetInvokesMSBuild" name="Microsoft.DotNet.Cli.MSBuild.IntegrationTests.GivenDotnetInvokesMSBuild.When_dotnet_command_invokes_msbuild_Then_env_vars_and_m_are_passed(command: &quot;test&quot;)" />
    </UnitTest>
    <UnitTest name="Microsoft.DotNet.Cli.MSBuild.IntegrationTests.GivenDotnetInvokesMSBuild.When_dotnet_command_invokes_msbuild_Then_env_vars_and_m_are_passed(command: &quot;build&quot;)" storage="c:\dev\github\cli\test\msbuild.integrationtests\bin\debug\netcoreapp1.0\msbuild.integrationtests.dll" id="3c8d2a81-976d-47d5-9d1e-1ad638fc1f0d">
      <Execution id="a6af5ba0-eddc-49b6-aecd-11090b088778" />
      <TestMethod codeBase="C:\dev\github\cli\test\msbuild.IntegrationTests\bin\Debug\netcoreapp1.0\msbuild.IntegrationTests.dll" executorUriOfAdapter="executor://xunit/VsTestRunner2" className="Microsoft.DotNet.Cli.MSBuild.IntegrationTests.GivenDotnetInvokesMSBuild" name="Microsoft.DotNet.Cli.MSBuild.IntegrationTests.GivenDotnetInvokesMSBuild.When_dotnet_command_invokes_msbuild_Then_env_vars_and_m_are_passed(command: &quot;build&quot;)" />
    </UnitTest>
    <UnitTest name="Microsoft.DotNet.Cli.MSBuild.IntegrationTests.GivenDotnetInvokesMSBuild.When_dotnet_command_invokes_msbuild_Then_env_vars_and_m_are_passed(command: &quot;publish&quot;)" storage="c:\dev\github\cli\test\msbuild.integrationtests\bin\debug\netcoreapp1.0\msbuild.integrationtests.dll" id="9b9f40c3-caba-4a1e-a699-bdee9c28768a">
      <Execution id="7f90abd4-04b8-4168-a9d3-ec9fcf91ef84" />
      <TestMethod codeBase="C:\dev\github\cli\test\msbuild.IntegrationTests\bin\Debug\netcoreapp1.0\msbuild.IntegrationTests.dll" executorUriOfAdapter="executor://xunit/VsTestRunner2" className="Microsoft.DotNet.Cli.MSBuild.IntegrationTests.GivenDotnetInvokesMSBuild" name="Microsoft.DotNet.Cli.MSBuild.IntegrationTests.GivenDotnetInvokesMSBuild.When_dotnet_command_invokes_msbuild_Then_env_vars_and_m_are_passed(command: &quot;publish&quot;)" />
    </UnitTest>
    <UnitTest name="Microsoft.DotNet.Cli.MSBuild.IntegrationTests.GivenDotnetInvokesMSBuild.When_dotnet_msbuild_command_is_invoked_with_non_msbuild_switch_Then_it_fails" storage="c:\dev\github\cli\test\msbuild.integrationtests\bin\debug\netcoreapp1.0\msbuild.integrationtests.dll" id="075e082c-7a85-41ba-8407-6b8a88a29968">
      <Execution id="b4bc96de-bb82-45d9-b3eb-a25179773473" />
      <TestMethod codeBase="C:\dev\github\cli\test\msbuild.IntegrationTests\bin\Debug\netcoreapp1.0\msbuild.IntegrationTests.dll" executorUriOfAdapter="executor://xunit/VsTestRunner2" className="Microsoft.DotNet.Cli.MSBuild.IntegrationTests.GivenDotnetInvokesMSBuild" name="Microsoft.DotNet.Cli.MSBuild.IntegrationTests.GivenDotnetInvokesMSBuild.When_dotnet_msbuild_command_is_invoked_with_non_msbuild_switch_Then_it_fails" />
    </UnitTest>
    <UnitTest name="Microsoft.DotNet.Cli.MSBuild.IntegrationTests.GivenDotnetInvokesMSBuild.When_dotnet_command_invokes_msbuild_with_no_args_verbosity_is_set_to_minimum(command: &quot;msbuild&quot;)" storage="c:\dev\github\cli\test\msbuild.integrationtests\bin\debug\netcoreapp1.0\msbuild.integrationtests.dll" id="4145ec1b-bb47-4c63-9a05-9e57cf8d7c8f">
      <Execution id="6b39d628-71ed-40b5-8ac7-fe81988109a6" />
      <TestMethod codeBase="C:\dev\github\cli\test\msbuild.IntegrationTests\bin\Debug\netcoreapp1.0\msbuild.IntegrationTests.dll" executorUriOfAdapter="executor://xunit/VsTestRunner2" className="Microsoft.DotNet.Cli.MSBuild.IntegrationTests.GivenDotnetInvokesMSBuild" name="Microsoft.DotNet.Cli.MSBuild.IntegrationTests.GivenDotnetInvokesMSBuild.When_dotnet_command_invokes_msbuild_with_no_args_verbosity_is_set_to_minimum(command: &quot;msbuild&quot;)" />
    </UnitTest>
    <UnitTest name="Microsoft.DotNet.Cli.MSBuild.IntegrationTests.GivenDotnetInvokesMSBuild.When_dotnet_command_invokes_msbuild_with_no_args_verbosity_is_set_to_minimum(command: &quot;pack&quot;)" storage="c:\dev\github\cli\test\msbuild.integrationtests\bin\debug\netcoreapp1.0\msbuild.integrationtests.dll" id="4b1b4f59-02b0-4e92-9fd3-1ba72cd3e5df">
      <Execution id="7d5142fa-2095-4c0a-ac26-51719ddf58a9" />
      <TestMethod codeBase="C:\dev\github\cli\test\msbuild.IntegrationTests\bin\Debug\netcoreapp1.0\msbuild.IntegrationTests.dll" executorUriOfAdapter="executor://xunit/VsTestRunner2" className="Microsoft.DotNet.Cli.MSBuild.IntegrationTests.GivenDotnetInvokesMSBuild" name="Microsoft.DotNet.Cli.MSBuild.IntegrationTests.GivenDotnetInvokesMSBuild.When_dotnet_command_invokes_msbuild_with_no_args_verbosity_is_set_to_minimum(command: &quot;pack&quot;)" />
    </UnitTest>
    <UnitTest name="Microsoft.DotNet.Cli.MSBuild.IntegrationTests.GivenDotnetInvokesMSBuild.When_dotnet_command_invokes_msbuild_with_no_args_verbosity_is_set_to_minimum(command: &quot;publish&quot;)" storage="c:\dev\github\cli\test\msbuild.integrationtests\bin\debug\netcoreapp1.0\msbuild.integrationtests.dll" id="97487a05-3dde-42e9-b2d7-d7123ab8e0d0">
      <Execution id="037935e0-c48a-4d33-9e2d-79abfc31e585" />
      <TestMethod codeBase="C:\dev\github\cli\test\msbuild.IntegrationTests\bin\Debug\netcoreapp1.0\msbuild.IntegrationTests.dll" executorUriOfAdapter="executor://xunit/VsTestRunner2" className="Microsoft.DotNet.Cli.MSBuild.IntegrationTests.GivenDotnetInvokesMSBuild" name="Microsoft.DotNet.Cli.MSBuild.IntegrationTests.GivenDotnetInvokesMSBuild.When_dotnet_command_invokes_msbuild_with_no_args_verbosity_is_set_to_minimum(command: &quot;publish&quot;)" />
    </UnitTest>
    <UnitTest name="Microsoft.DotNet.Cli.MSBuild.IntegrationTests.GivenDotnetInvokesMSBuild.When_dotnet_command_invokes_msbuild_with_no_args_verbosity_is_set_to_minimum(command: &quot;clean&quot;)" storage="c:\dev\github\cli\test\msbuild.integrationtests\bin\debug\netcoreapp1.0\msbuild.integrationtests.dll" id="983b8dd4-075e-4834-9372-df618212b8fb">
      <Execution id="899c5154-f158-402d-a36d-69bab8176bcc" />
      <TestMethod codeBase="C:\dev\github\cli\test\msbuild.IntegrationTests\bin\Debug\netcoreapp1.0\msbuild.IntegrationTests.dll" executorUriOfAdapter="executor://xunit/VsTestRunner2" className="Microsoft.DotNet.Cli.MSBuild.IntegrationTests.GivenDotnetInvokesMSBuild" name="Microsoft.DotNet.Cli.MSBuild.IntegrationTests.GivenDotnetInvokesMSBuild.When_dotnet_command_invokes_msbuild_with_no_args_verbosity_is_set_to_minimum(command: &quot;clean&quot;)" />
    </UnitTest>
    <UnitTest name="Microsoft.DotNet.Cli.MSBuild.IntegrationTests.GivenDotnetInvokesMSBuild.When_dotnet_command_invokes_msbuild_with_no_args_verbosity_is_set_to_minimum(command: &quot;build&quot;)" storage="c:\dev\github\cli\test\msbuild.integrationtests\bin\debug\netcoreapp1.0\msbuild.integrationtests.dll" id="7cd3b04e-8942-4219-98ab-469d56d6541a">
      <Execution id="926e7dad-2e87-4e16-b6ff-c7b023ae0202" />
      <TestMethod codeBase="C:\dev\github\cli\test\msbuild.IntegrationTests\bin\Debug\netcoreapp1.0\msbuild.IntegrationTests.dll" executorUriOfAdapter="executor://xunit/VsTestRunner2" className="Microsoft.DotNet.Cli.MSBuild.IntegrationTests.GivenDotnetInvokesMSBuild" name="Microsoft.DotNet.Cli.MSBuild.IntegrationTests.GivenDotnetInvokesMSBuild.When_dotnet_command_invokes_msbuild_with_no_args_verbosity_is_set_to_minimum(command: &quot;build&quot;)" />
    </UnitTest>
    <UnitTest name="Microsoft.DotNet.Cli.MSBuild.IntegrationTests.GivenDotnetInvokesMSBuild.When_MSBuildSDKsPath_is_set_by_env_var_then_it_is_not_overridden" storage="c:\dev\github\cli\test\msbuild.integrationtests\bin\debug\netcoreapp1.0\msbuild.integrationtests.dll" id="7b1807b0-84ce-43e2-a0e8-da7871e83f24">
      <Execution id="23ebe073-7fbe-4e81-aa7c-d6c562332066" />
      <TestMethod codeBase="C:\dev\github\cli\test\msbuild.IntegrationTests\bin\Debug\netcoreapp1.0\msbuild.IntegrationTests.dll" executorUriOfAdapter="executor://xunit/VsTestRunner2" className="Microsoft.DotNet.Cli.MSBuild.IntegrationTests.GivenDotnetInvokesMSBuild" name="Microsoft.DotNet.Cli.MSBuild.IntegrationTests.GivenDotnetInvokesMSBuild.When_MSBuildSDKsPath_is_set_by_env_var_then_it_is_not_overridden" />
    </UnitTest>
    <UnitTest name="Microsoft.DotNet.Cli.MSBuild.IntegrationTests.GivenDotnetInvokesMSBuild.When_dotnet_command_invokes_msbuild_with_diag_verbosity_Then_arg_is_passed(command: &quot;build&quot;)" storage="c:\dev\github\cli\test\msbuild.integrationtests\bin\debug\netcoreapp1.0\msbuild.integrationtests.dll" id="ab729ea9-119a-470b-9d62-b838e9bff79d">
      <Execution id="08314bf0-db7c-4ddb-b00b-4ed660f08cc3" />
      <TestMethod codeBase="C:\dev\github\cli\test\msbuild.IntegrationTests\bin\Debug\netcoreapp1.0\msbuild.IntegrationTests.dll" executorUriOfAdapter="executor://xunit/VsTestRunner2" className="Microsoft.DotNet.Cli.MSBuild.IntegrationTests.GivenDotnetInvokesMSBuild" name="Microsoft.DotNet.Cli.MSBuild.IntegrationTests.GivenDotnetInvokesMSBuild.When_dotnet_command_invokes_msbuild_with_diag_verbosity_Then_arg_is_passed(command: &quot;build&quot;)" />
    </UnitTest>
    <UnitTest name="Microsoft.DotNet.Cli.MSBuild.IntegrationTests.GivenDotnetInvokesMSBuild.When_dotnet_command_invokes_msbuild_with_diag_verbosity_Then_arg_is_passed(command: &quot;clean&quot;)" storage="c:\dev\github\cli\test\msbuild.integrationtests\bin\debug\netcoreapp1.0\msbuild.integrationtests.dll" id="9acf8eeb-c55c-44b0-9daa-d31ad239deec">
      <Execution id="e4776e2f-caf9-46bb-94fe-9b82cde24a22" />
      <TestMethod codeBase="C:\dev\github\cli\test\msbuild.IntegrationTests\bin\Debug\netcoreapp1.0\msbuild.IntegrationTests.dll" executorUriOfAdapter="executor://xunit/VsTestRunner2" className="Microsoft.DotNet.Cli.MSBuild.IntegrationTests.GivenDotnetInvokesMSBuild" name="Microsoft.DotNet.Cli.MSBuild.IntegrationTests.GivenDotnetInvokesMSBuild.When_dotnet_command_invokes_msbuild_with_diag_verbosity_Then_arg_is_passed(command: &quot;clean&quot;)" />
    </UnitTest>
    <UnitTest name="Microsoft.DotNet.Cli.MSBuild.IntegrationTests.GivenDotnetInvokesMSBuild.When_dotnet_command_invokes_msbuild_with_diag_verbosity_Then_arg_is_passed(command: &quot;pack&quot;)" storage="c:\dev\github\cli\test\msbuild.integrationtests\bin\debug\netcoreapp1.0\msbuild.integrationtests.dll" id="eab2c17c-106e-493d-8b94-3806120e69d4">
      <Execution id="a5c38aae-9e63-4ce7-976b-09951552a1c0" />
      <TestMethod codeBase="C:\dev\github\cli\test\msbuild.IntegrationTests\bin\Debug\netcoreapp1.0\msbuild.IntegrationTests.dll" executorUriOfAdapter="executor://xunit/VsTestRunner2" className="Microsoft.DotNet.Cli.MSBuild.IntegrationTests.GivenDotnetInvokesMSBuild" name="Microsoft.DotNet.Cli.MSBuild.IntegrationTests.GivenDotnetInvokesMSBuild.When_dotnet_command_invokes_msbuild_with_diag_verbosity_Then_arg_is_passed(command: &quot;pack&quot;)" />
    </UnitTest>
    <UnitTest name="Microsoft.DotNet.Cli.MSBuild.IntegrationTests.GivenDotnetInvokesMSBuild.When_dotnet_command_invokes_msbuild_with_diag_verbosity_Then_arg_is_passed(command: &quot;publish&quot;)" storage="c:\dev\github\cli\test\msbuild.integrationtests\bin\debug\netcoreapp1.0\msbuild.integrationtests.dll" id="9c612d0d-789d-4514-8fe2-ec3d5cc9d07a">
      <Execution id="997d1a55-3fbf-47af-a9e5-61f1d4e245fd" />
      <TestMethod codeBase="C:\dev\github\cli\test\msbuild.IntegrationTests\bin\Debug\netcoreapp1.0\msbuild.IntegrationTests.dll" executorUriOfAdapter="executor://xunit/VsTestRunner2" className="Microsoft.DotNet.Cli.MSBuild.IntegrationTests.GivenDotnetInvokesMSBuild" name="Microsoft.DotNet.Cli.MSBuild.IntegrationTests.GivenDotnetInvokesMSBuild.When_dotnet_command_invokes_msbuild_with_diag_verbosity_Then_arg_is_passed(command: &quot;publish&quot;)" />
    </UnitTest>
  </TestDefinitions>
  <TestEntries>
    <TestEntry testId="ca20edb9-3afc-4d0e-8d72-a9af6a9c0547" executionId="5cbe1146-95a1-44e5-8951-b8b7806f3b83" testListId="8c84fa94-04c1-424b-9868-57a2d4851a1d" />
    <TestEntry testId="7859cecd-1855-4c40-a2c6-8e614a2eedc3" executionId="5bd760cc-72ba-448f-af75-276b3ca02d45" testListId="8c84fa94-04c1-424b-9868-57a2d4851a1d" />
    <TestEntry testId="72691945-5293-4f6a-8bf3-70de6413c07e" executionId="5a48a895-4eef-400c-8236-8c51ff8546b2" testListId="8c84fa94-04c1-424b-9868-57a2d4851a1d" />
    <TestEntry testId="31cb40b5-2ca4-4440-bad7-a0e482b49121" executionId="ff31d07c-6627-4c4f-a581-b0c569660720" testListId="8c84fa94-04c1-424b-9868-57a2d4851a1d" />
    <TestEntry testId="a2dc9dbb-a043-4a22-93b2-c4c833aa2f75" executionId="56f039d6-af9a-4efd-8399-dde12e2f4a01" testListId="8c84fa94-04c1-424b-9868-57a2d4851a1d" />
    <TestEntry testId="3c8d2a81-976d-47d5-9d1e-1ad638fc1f0d" executionId="a6af5ba0-eddc-49b6-aecd-11090b088778" testListId="8c84fa94-04c1-424b-9868-57a2d4851a1d" />
    <TestEntry testId="9b9f40c3-caba-4a1e-a699-bdee9c28768a" executionId="7f90abd4-04b8-4168-a9d3-ec9fcf91ef84" testListId="8c84fa94-04c1-424b-9868-57a2d4851a1d" />
    <TestEntry testId="075e082c-7a85-41ba-8407-6b8a88a29968" executionId="b4bc96de-bb82-45d9-b3eb-a25179773473" testListId="8c84fa94-04c1-424b-9868-57a2d4851a1d" />
    <TestEntry testId="4145ec1b-bb47-4c63-9a05-9e57cf8d7c8f" executionId="6b39d628-71ed-40b5-8ac7-fe81988109a6" testListId="8c84fa94-04c1-424b-9868-57a2d4851a1d" />
    <TestEntry testId="4b1b4f59-02b0-4e92-9fd3-1ba72cd3e5df" executionId="7d5142fa-2095-4c0a-ac26-51719ddf58a9" testListId="8c84fa94-04c1-424b-9868-57a2d4851a1d" />
    <TestEntry testId="97487a05-3dde-42e9-b2d7-d7123ab8e0d0" executionId="037935e0-c48a-4d33-9e2d-79abfc31e585" testListId="8c84fa94-04c1-424b-9868-57a2d4851a1d" />
    <TestEntry testId="983b8dd4-075e-4834-9372-df618212b8fb" executionId="899c5154-f158-402d-a36d-69bab8176bcc" testListId="8c84fa94-04c1-424b-9868-57a2d4851a1d" />
    <TestEntry testId="7cd3b04e-8942-4219-98ab-469d56d6541a" executionId="926e7dad-2e87-4e16-b6ff-c7b023ae0202" testListId="8c84fa94-04c1-424b-9868-57a2d4851a1d" />
    <TestEntry testId="7b1807b0-84ce-43e2-a0e8-da7871e83f24" executionId="23ebe073-7fbe-4e81-aa7c-d6c562332066" testListId="8c84fa94-04c1-424b-9868-57a2d4851a1d" />
    <TestEntry testId="ab729ea9-119a-470b-9d62-b838e9bff79d" executionId="08314bf0-db7c-4ddb-b00b-4ed660f08cc3" testListId="8c84fa94-04c1-424b-9868-57a2d4851a1d" />
    <TestEntry testId="9acf8eeb-c55c-44b0-9daa-d31ad239deec" executionId="e4776e2f-caf9-46bb-94fe-9b82cde24a22" testListId="8c84fa94-04c1-424b-9868-57a2d4851a1d" />
    <TestEntry testId="eab2c17c-106e-493d-8b94-3806120e69d4" executionId="a5c38aae-9e63-4ce7-976b-09951552a1c0" testListId="8c84fa94-04c1-424b-9868-57a2d4851a1d" />
    <TestEntry testId="9c612d0d-789d-4514-8fe2-ec3d5cc9d07a" executionId="997d1a55-3fbf-47af-a9e5-61f1d4e245fd" testListId="8c84fa94-04c1-424b-9868-57a2d4851a1d" />
  </TestEntries>
  <TestLists>
    <TestList name="Results Not in a List" id="8c84fa94-04c1-424b-9868-57a2d4851a1d" />
    <TestList name="All Loaded Results" id="19431567-8539-422a-85d7-44ee4e166bda" />
  </TestLists>
  <ResultSummary outcome="Completed">
    <Counters total="18" executed="18" passed="18" failed="0" error="0" timeout="0" aborted="0" inconclusive="0" passedButRunAborted="0" notRunnable="0" notExecuted="0" disconnected="0" warning="0" completed="0" inProgress="0" pending="0" />
  </ResultSummary>
</TestRun>